Test project /Users/dmitriygerasimov/work/cellframe/cellframe-node.master/cellframe-sdk
No tests were found!!!
